   Compiling flybrain-engine v0.1.0 (/home/jerry/rl_ws/fly-brain)
    Finished `release` profile [optimized] target(s) in 30.93s
     Running unittests rust/src/lib.rs (target/release/deps/flybrain_engine-5e565c1aea0f2528)

running 1 test
floor/0: launch_origin=[1.525181238804815, -69.3830307946876, 0.7985653217735351] descent_position=[46.76863073213091, -64.6693892907309, 30.993677527413634] velocity=[0.40028130907972637, -2.4048309210179135, -0.02005316142042033, 69.96825260577737, 11.840274215251588, 0.623972317271325]
floor/0: ramp=0.346s lift=30.195mm max_vz=96.853 up=0.554 touchdown=Some((1.7379999999998088, -1.9666090018111104, [46.177878807698555, -64.7974651164058, 1.10775855203428])) stable=0.500 total=3.036
floor/1: launch_origin=[1.5500298706404565, -69.54624602299499, 0.793527956374504] descent_position=[46.74036731823854, -64.34424506790663, 30.992485910537898] velocity=[0.4429071307166439, -2.498156866438695, -0.01924127843664445, 69.79764598434149, 12.564917164070987, 0.6160520686613117]
floor/1: ramp=0.346s lift=30.199mm max_vz=93.961 up=0.561 touchdown=Some((1.7379999999998088, -1.8864185884889555, [46.194164234882685, -64.47965377398157, 1.1064418235327185])) stable=0.500 total=3.036
floor/2: launch_origin=[1.399565655536487, -69.49183291588761, 0.7858892478622097] descent_position=[46.23939921011377, -61.82417964635619, 30.991613599633443] velocity=[0.6459418962499716, -2.7721862766829903, -0.01638379775082911, 68.88409954754461, 16.216109968537666, 0.5434982382600411]
floor/2: ramp=0.346s lift=30.206mm max_vz=94.917 up=0.563 touchdown=Some((1.7379999999998088, -1.6334894106218982, [45.69567238376808, -61.99446953825664, 1.1094656682452402])) stable=0.500 total=3.036
floor/3: launch_origin=[1.415132955823018, -69.14964646173156, 0.7918921024538053] descent_position=[44.54421102770072, -54.6798483873533, 30.992599273173163] velocity=[1.0300192886388588, -2.528178298396247, -0.025312017458890466, 65.5007979185706, 26.953646733141483, 0.5665614285282066]
floor/3: ramp=0.346s lift=30.201mm max_vz=96.512 up=0.552 touchdown=Some((1.7379999999998088, -1.3758709682412635, [44.037783639282615, -54.94784195121416, 1.1132206674098037])) stable=0.500 total=3.036
floor/4: launch_origin=[1.422499515479349, -69.21677661222708, 0.8017516383930969] descent_position=[43.91714746107358, -52.978960448460484, 30.993588255139795] velocity=[1.1231180542300476, -2.45691323011459, -0.02499249818664404, 64.3292622000299, 29.677867176321524, 0.5521344556518888]
floor/4: ramp=0.346s lift=30.192mm max_vz=96.211 up=0.548 touchdown=Some((1.7379999999998088, -1.8259565405524132, [43.430859472914705, -53.27060726510391, 1.113893627866729])) stable=0.500 total=3.036
table/0: launch_origin=[1.2017352664783145, 0.4737781341712396, 30.79594775176775] descent_position=[46.35621850013763, 5.02230656815324, 51.34032647672384] velocity=[-0.5136327735317664, 2.2617942473256094, 0.2722067347752259, 67.70060935509865, 13.166898745512851, -12.488792212532452]
table/0: ramp=0.346s lift=21.052mm max_vz=97.917 up=0.551 touchdown=Some((1.4159999999998443, -2.4680636719763287, [45.984018485861384, 4.910563397050663, 31.111672632191887])) stable=0.500 total=2.714
table/1: launch_origin=[1.18949843701099, 0.8661250236301599, 30.79832244993769] descent_position=[44.96594547734261, 12.848090859660784, 51.3424207219968] velocity=[-0.8792514599799637, 2.1511864046640143, 0.2688694388476805, 64.58812524823468, 24.098589746671504, -12.482555971509065]
table/1: ramp=0.346s lift=21.052mm max_vz=97.419 up=0.550 touchdown=Some((1.4159999999998443, -2.337038011867789, [44.63868754834634, 12.63237432591653, 31.117640415327585])) stable=0.500 total=2.714
table/2: launch_origin=[1.08056888028553, 0.961633505243776, 30.808421300050064] descent_position=[43.63445902597394, 16.75090954467128, 51.35072593300922] velocity=[-1.0560995306673482, 2.052311439154132, 0.26603417181847194, 62.34723612666439, 29.670847346279686, -12.505664498217186]
table/2: ramp=0.346s lift=21.050mm max_vz=95.704 up=0.557 touchdown=Some((1.4159999999998443, -2.244069241109767, [43.29298041377608, 16.505305291698225, 31.118899201028583])) stable=0.500 total=2.714
table/3: launch_origin=[1.177037169181341, 0.7286447058828297, 30.79930171082211] descent_position=[43.75989084071352, 16.43994714050142, 51.3427072060116] velocity=[-1.0466225781930643, 2.0420834915686883, 0.26484747353503546, 62.487818171886914, 29.58974490910821, -12.520776239334086]
table/3: ramp=0.346s lift=21.051mm max_vz=97.468 up=0.549 touchdown=Some((1.4159999999998443, -2.2970786589553174, [43.44506131459166, 16.202089063075427, 31.12079206003137])) stable=0.500 total=2.714
table/4: launch_origin=[0.926770769217321, 1.1180911239930482, 30.807065761324118] descent_position=[39.97663384379059, 24.262619615739705, 51.34934066744554] velocity=[-1.3813383292011083, 1.8042954903925765, 0.2605937669395973, 56.31273009494745, 40.35979505454685, -12.549604854841563]
table/4: ramp=0.346s lift=21.050mm max_vz=96.593 up=0.537 touchdown=Some((1.4159999999998443, -1.746958661733737, [39.677885775715914, 23.990870142324127, 31.119716480371594])) stable=0.500 total=2.714
test world_sim::tests::indoor_v2_floor_and_table_five_physical_takeoff_landing_cycles ... ok

test result: ok. 1 passed; 0 failed; 0 ignored; 0 measured; 280 filtered out; finished in 14.12s
