    Finished `release` profile [optimized] target(s) in 0.09s
     Running unittests rust/src/lib.rs (target/release/deps/flybrain_engine-5e565c1aea0f2528)

running 1 test
floor/0: launch_origin=[1.525181238804815, -69.3830307946876, 0.7985653217735351] descent_position=[41.46917225239658, -65.2710682397332, 30.927575705483925] velocity=[0.5827110675503183, -3.520313374706776, -0.01250963454308833, 59.59257112207456, 10.009900775977465, 0.2409696754506503]
floor/0: ramp=0.346s lift=30.129mm max_vz=96.853 up=0.554 touchdown=Some((1.7319999999998095, -0.2286309202546628, [40.81252213776012, -65.40751970655995, 1.1003001116302522])) stable=0.500 total=3.030
floor/1: launch_origin=[1.5500298706404565, -69.54624602299499, 0.793527956374504] descent_position=[41.447666997079615, -65.0033044797536, 30.926251752322777] velocity=[0.635817256123346, -3.6058828653283794, -0.011722969836364831, 59.44223687099389, 10.624953461204926, 0.23392065262562461]
floor/1: ramp=0.346s lift=30.133mm max_vz=93.961 up=0.561 touchdown=Some((1.7259999999998101, -2.025186687024129, [40.8278607945158, -65.1455436126575, 1.1020505965347216])) stable=0.500 total=3.024
floor/2: launch_origin=[1.399565655536487, -69.49183291588761, 0.7858892478622097] descent_position=[40.99027989958409, -62.77121345223304, 30.925063408185] velocity=[0.9029453155199375, -3.8959479062699565, -0.008718568038508599, 58.63948755038895, 13.726222999565637, 0.17024672702028365]
floor/2: ramp=0.346s lift=30.139mm max_vz=94.917 up=0.563 touchdown=Some((1.7299999999998097, 0.04405445075579745, [40.36438546028576, -62.960569447948146, 1.0996030958050913])) stable=0.500 total=3.028
floor/3: launch_origin=[1.415132955823018, -69.14964646173156, 0.7918921024538053] descent_position=[39.50892684781153, -56.438334188497386, 30.926269290932133] velocity=[1.454157643653672, -3.5954035648372864, -0.01678088397318877, 55.81159201795889, 22.78184035173649, 0.18442691697535518]
floor/3: ramp=0.346s lift=30.134mm max_vz=96.512 up=0.552 touchdown=Some((1.7319999999998095, -0.7820631040073849, [38.915255045354954, -56.7354751463058, 1.1035682869527832])) stable=0.500 total=3.030
floor/4: launch_origin=[1.422499515479349, -69.21677661222708, 0.8017516383930969] descent_position=[38.95090647304101, -54.92577821474415, 30.927331336356744] velocity=[1.5883488615029377, -3.479373101764024, -0.016670002977167864, 54.78260831770744, 25.217544189693864, 0.17265230744924448]
floor/4: ramp=0.346s lift=30.126mm max_vz=96.211 up=0.548 touchdown=Some((1.7259999999998101, -2.1701952646852387, [38.38931633213981, -55.231149283209945, 1.1085585121649253])) stable=0.500 total=3.024
table/0: launch_origin=[1.2017352664783145, 0.4737781341712396, 30.79594775176775] descent_position=[41.0619944480377, 4.427890589236646, 51.17622560032067] velocity=[-0.36598831163052165, 1.493684834658056, 0.24690345200156516, 60.84292679733212, 11.807655390645142, -13.406298091546786]
table/0: ramp=0.346s lift=20.941mm max_vz=97.917 up=0.551 touchdown=Some((1.4119999999998447, 0.7760216125303582, [40.54485669053633, 4.29276719224812, 31.104780252899936])) stable=0.500 total=2.710
table/1: launch_origin=[1.18949843701099, 0.8661250236301599, 30.79832244993769] descent_position=[39.844415075776766, 11.379257928945464, 51.178419682246314] velocity=[-0.6096056803027301, 1.4250947647312435, 0.24336071401904746, 58.05252946686636, 21.613036883402255, -13.402180694606965]
table/1: ramp=0.346s lift=20.941mm max_vz=97.419 up=0.550 touchdown=Some((1.4039999999998456, 0.3401251948043641, [39.39410794442261, 11.145439223273577, 31.1130153110429])) stable=0.500 total=2.702
table/2: launch_origin=[1.08056888028553, 0.961633505243776, 30.808421300050064] descent_position=[38.66263094993825, 14.834938383373856, 51.187267773737574] velocity=[-0.7162812610919345, 1.3361688783748784, 0.24075512040280933, 56.03683202410167, 26.615407354686962, -13.413282532224159]
table/2: ramp=0.346s lift=20.940mm max_vz=95.704 up=0.557 touchdown=Some((1.4039999999998456, 0.4556119551065124, [38.23333784903333, 14.577143955254632, 31.116992288013623])) stable=0.500 total=2.702
table/3: launch_origin=[1.177037169181341, 0.7286447058828297, 30.79930171082211] descent_position=[38.784115439064315, 14.534361627255032, 51.178969303011854] velocity=[-0.7020535245793359, 1.3131862804538896, 0.23995152595862185, 56.153297810359234, 26.534823759948864, -13.421687959563583]
table/3: ramp=0.346s lift=20.941mm max_vz=97.468 up=0.549 touchdown=Some((1.4119999999998447, -0.4433557728081003, [38.330928577253516, 14.23753839706682, 31.10835241038346])) stable=0.500 total=2.710
table/4: launch_origin=[0.926770769217321, 1.1180911239930482, 30.807065761324118] descent_position=[35.42736480535835, 21.487879921568506, 51.186027565647144] velocity=[-0.8999065202042713, 1.1326879898357973, 0.23595162349355764, 50.60509017478189, 36.193775534284306, -13.435160270115224]
table/4: ramp=0.346s lift=20.940mm max_vz=96.593 up=0.537 touchdown=Some((1.4039999999998456, 1.7790438223486813, [35.03059916590174, 21.148648113476924, 31.11566953056822])) stable=0.500 total=2.702
test world_sim::tests::indoor_v2_floor_and_table_five_physical_takeoff_landing_cycles ... ok

test result: ok. 1 passed; 0 failed; 0 ignored; 0 measured; 296 filtered out; finished in 14.15s
